11:32:03 [    INFO] Starting non-linear solver. (tree_solver.py:33)
11:32:03 [   DEBUG] Reference node: 7562536a (tree_solver.py:47)
11:32:03 [   DEBUG] Unknown nodes: ['3dd8af32', 'dfbebc18', 'fb06176c'] (tree_solver.py:48)
11:32:03 [   DEBUG] Initial pressures guess: [150662.5 150662.5 150662.5] (tree_solver.py:54)
11:32:03 [ WARNING] Solver did not converge after 100 iterations. Final residual norm: 0.010000 (tree_solver.py:91)
11:32:03 [    INFO] Starting non-linear solver. (tree_solver.py:33)
11:32:03 [   DEBUG] Reference node: 54840b0f (tree_solver.py:47)
11:32:03 [   DEBUG] Unknown nodes: ['bd1b2b05', '2444cbed', '824e4fd1'] (tree_solver.py:48)
11:32:03 [   DEBUG] Initial pressures guess: [150662.5 150662.5 150662.5] (tree_solver.py:54)
11:32:03 [ WARNING] Solver did not converge after 100 iterations. Final residual norm: 0.000100 (tree_solver.py:91)
11:32:03 [    INFO] Starting nodal-matrix solver with 4 nodes, 3 edges (nodal_matrix_solver.py:262)
11:32:03 [    INFO] Source: bd1b2b05, Sinks: ['54840b0f'], Q_total: 0.000100 m³/s (nodal_matrix_solver.py:263)
11:32:03 [   DEBUG]   Conn dc68a86e: Flow=0.0001, Phys_DP=666.83, Lin_DP=666.83, Resid_DP=0.00 (nodal_matrix_solver.py:320)
11:32:03 [   DEBUG]   Conn e3bf2f12: Flow=0.0001, Phys_DP=2572.66, Lin_DP=2572.66, Resid_DP=0.00 (nodal_matrix_solver.py:320)
11:32:03 [   DEBUG]   Conn 7b5a1e8b: Flow=0.0001, Phys_DP=171.12, Lin_DP=171.12, Resid_DP=0.00 (nodal_matrix_solver.py:320)
11:32:03 [   DEBUG] Iteration 1: max_flow_change=2.71e-20, max_pressure_error=1.14e-13, mass_conservation_error=2.71e-20 (nodal_matrix_solver.py:444)
11:32:03 [    INFO] Converged after 1 iterations (nodal_matrix_solver.py:452)
